
Discarded input sections

 .data          0x00000000        0x0 build/subgame_loader/asm/rom_header.o
 .bss           0x00000000        0x0 build/subgame_loader/asm/rom_header.o
 .ARM.attributes
                0x00000000       0x20 build/subgame_loader/asm/rom_header.o
 .text          0x00000000        0x0 build/subgame_loader/data/data.o
 .data          0x00000000        0x0 build/subgame_loader/data/data.o
 .bss           0x00000000        0x0 build/subgame_loader/data/data.o
 .ARM.attributes
                0x00000000       0x20 build/subgame_loader/data/data.o

Memory Configuration

Name             Origin             Length             Attributes
*default*        0x00000000         0xffffffff

Linker script and memory map

                0x020001b0                        . = 0x20001b0

.text           0x020001b0      0x1c0
 build/subgame_loader/asm/rom_header.o(.text)
 .text          0x020001b0      0x1c0 build/subgame_loader/asm/rom_header.o
                0x020001b4                RomHeaderNintendoLogo
                0x0200025c                RomHeaderGameCode
                0x02000262                RomHeaderMagic
                0x0200026c                RomHeaderSoftwareVersion

.rodata         0x02000370     0x2ddc
 build/subgame_loader/data/data.o(.rodata)
 .rodata        0x02000370     0x2ddc build/subgame_loader/data/data.o
                0x02000370                gSubgameLoader

.debug
 *(.debug)

.line
 *(.line)

.debug_srcinfo
 *(.debug_srcinfo)

.debug_sfnames
 *(.debug_sfnames)

.debug_aranges
 *(.debug_aranges)

.debug_pubnames
 *(.debug_pubnames)

.debug_info
 *(.debug_info .gnu.linkonce.wi.*)

.debug_abbrev
 *(.debug_abbrev)

.debug_line
 *(.debug_line)

.debug_frame
 *(.debug_frame)

.debug_str
 *(.debug_str)

.debug_loc
 *(.debug_loc)

.debug_macinfo
 *(.debug_macinfo)

/DISCARD/
 *(*)
LOAD build/subgame_loader/asm/rom_header.o
LOAD build/subgame_loader/data/data.o
LOAD ../../../tools/agbcc/lib/libgcc.a
LOAD ../../../tools/agbcc/lib/libc.a
OUTPUT(subgame_loader.elf elf32-littlearm)
LOAD linker stubs
