Archive member included to satisfy reference by file (symbol)

/home/arno/sa2dt/tools/agbcc/lib/libgcc.a(_ashrdi3.o)
                              src/game/math.o (__ashrdi3)
/home/arno/sa2dt/tools/agbcc/lib/libgcc.a(_call_via_rX.o)
                              src/game/stage/camera.o (_call_via_r0)
/home/arno/sa2dt/tools/agbcc/lib/libgcc.a(_divdi3.o)
                              src/game/math.o (__divdi3)
/home/arno/sa2dt/tools/agbcc/lib/libgcc.a(_divsi3.o)
                              src/lib/m4a/m4a.o (__divsi3)
/home/arno/sa2dt/tools/agbcc/lib/libgcc.a(_dvmd_tls.o)
                              /home/arno/sa2dt/tools/agbcc/lib/libgcc.a(_divsi3.o) (__div0)
/home/arno/sa2dt/tools/agbcc/lib/libgcc.a(_modsi3.o)
                              src/game/options_screen.o (__modsi3)
/home/arno/sa2dt/tools/agbcc/lib/libgcc.a(_muldi3.o)
                              src/game/math.o (__muldi3)
/home/arno/sa2dt/tools/agbcc/lib/libgcc.a(_negdi2.o)
                              src/game/math.o (__negdi2)
/home/arno/sa2dt/tools/agbcc/lib/libgcc.a(_udivsi3.o)
                              src/game/options_screen.o (__udivsi3)
/home/arno/sa2dt/tools/agbcc/lib/libgcc.a(_umodsi3.o)
                              src/game/options_screen.o (__umodsi3)
/home/arno/sa2dt/tools/agbcc/lib/libc.a(memcpy.o)
                              src/game/stage/camera.o (memcpy)
/home/arno/sa2dt/tools/agbcc/lib/libc.a(memset.o)
                              src/game/save.o (memset)
/home/arno/sa2dt/libagbsyscall/libagbsyscall.a(Sqrt.o)
                              src/game/math.o (Sqrt)
/home/arno/sa2dt/libagbsyscall/libagbsyscall.a(Mod.o)
                              src/game/stage/camera.o (Mod)
/home/arno/sa2dt/libagbsyscall/libagbsyscall.a(VBlankIntrWait.o)
                              src/core.o (VBlankIntrWait)
/home/arno/sa2dt/libagbsyscall/libagbsyscall.a(SoftResetExram.o)
                              src/game/title_screen.o (SoftResetExram)
/home/arno/sa2dt/libagbsyscall/libagbsyscall.a(LZ77UnCompWram.o)
                              src/input_recorder.o (LZ77UnCompWram)
/home/arno/sa2dt/libagbsyscall/libagbsyscall.a(ArcTan2.o)
                              src/game/stage/player.o (ArcTan2)
/home/arno/sa2dt/libagbsyscall/libagbsyscall.a(MultiBoot.o)
                              src/multi_boot.o (MultiBoot)
/home/arno/sa2dt/libagbsyscall/libagbsyscall.a(Div.o)
                              src/game/stage/camera.o (Div)
/home/arno/sa2dt/libagbsyscall/libagbsyscall.a(RLUnCompWram.o)
                              src/game/sa1_sa2_shared/rings_manager.o (RLUnCompWram)
/home/arno/sa2dt/libagbsyscall/libagbsyscall.a(CpuFastSet.o)
                              src/core.o (CpuFastSet)
/home/arno/sa2dt/libagbsyscall/libagbsyscall.a(CpuSet.o)
                              src/lib/m4a/m4a.o (CpuSet)
/home/arno/sa2dt/libagbsyscall/libagbsyscall.a(SoftReset.o)
                              src/core.o (SoftReset)

Allocating common symbols
Common symbol       size              file

gSio32MultiLoadArea
                    0x18              src/sio32_multi_load.o

Discarded input sections

 .data          0x00000000        0x0 src/lib/m4a/m4a.o
 .bss           0x00000000        0x0 src/lib/m4a/m4a.o
 .ARM.attributes
                0x00000000       0x20 src/lib/m4a/m4a.o
 .data          0x00000000        0x0 src/malloc_ewram.o
 .bss           0x00000000        0x0 src/malloc_ewram.o
 .ARM.attributes
                0x00000000       0x20 src/malloc_ewram.o
 .data          0x00000000        0x0 src/multi_boot.o
 .ARM.attributes
                0x00000000       0x20 src/multi_boot.o
 .ARM.attributes
                0x00000000       0x20 src/game/stage/camera.o
 .ARM.attributes
                0x00000000       0x20 src/game/stage/terrain_collision.o
 .ARM.attributes
                0x00000000       0x20 src/lib/agb_flash/agb_flash.o
 .bss           0x00000000        0x0 src/multi_sio.o
 .ARM.attributes
                0x00000000       0x20 src/multi_sio.o
 .data          0x00000000        0x0 src/sio32_multi_load.o
 .bss           0x00000000        0x0 src/sio32_multi_load.o
 .ARM.attributes
                0x00000000       0x20 src/sio32_multi_load.o
 .bss           0x00000000        0x0 src/core.o
 .ARM.attributes
                0x00000000       0x20 src/core.o
 .bss           0x00000000        0x0 src/input_recorder.o
 .ARM.attributes
                0x00000000       0x20 src/input_recorder.o
 .text          0x00000000        0x0 src/game/sa1_sa2_shared/globals.o
 .bss           0x00000000        0x0 src/game/sa1_sa2_shared/globals.o
 .ARM.attributes
                0x00000000       0x20 src/game/sa1_sa2_shared/globals.o
 .bss           0x00000000        0x0 src/game/water_effects.o
 .ARM.attributes
                0x00000000       0x20 src/game/water_effects.o
 .bss           0x00000000        0x0 src/game/cheese.o
 .ARM.attributes
                0x00000000       0x20 src/game/cheese.o
[...]
Memory Configuration

Name             Origin             Length             Attributes
*default*        0x00000000         0xffffffff

Linker script and memory map

                0x00000004                        gNumMusicPlayers = 0x4
                0x00000000                        gMaxLines = 0x0
                0x02000000                        . = 0x2000000

EWRAM           0x02000000    0x226d0
 src/lib/m4a/m4a.o(ewram_data)
 ewram_data     0x02000000     0x2650 src/lib/m4a/m4a.o
                0x02000000                gMPlayTrack_BGM
                0x02000500                gMPlayTrack_SE1
                0x02000a00                gMPlayTrack_SE2
                0x02000f00                gMPlayTrack_SE3
                0x02001400                gSoundInfo
                0x020023b0                gMPlayJumpTable
                0x02002440                gCgbChans
                0x02002540                gMPlayInfo_BGM
                0x02002580                gMPlayInfo_SE1
                0x020025c0                gMPlayInfo_SE2
                0x02002600                gMPlayMemAccArea
                0x02002610                gMPlayInfo_SE3
 src/malloc_ewram.o(ewram_data)
 ewram_data     0x02002650    0x20080 src/malloc_ewram.o
                0x02002650                gEwramHeap
                0x020226d0                        ewram_end = .
                0x03000000                        . = 0x3000000

IWRAM           0x03000000     0x5bb4
 src/lib/m4a/m4a.o(.bss.code)
 .bss.code      0x03000000      0x400 src/lib/m4a/m4a.o
                0x03000000                SoundMainRAM_Buffer
 src/multi_boot.o(.bss)
 .bss           0x03000400        0x6 src/multi_boot.o
                0x00000408                        . = 0x408
 *fill*         0x03000406        0x2 
 src/game/stage/camera.o(.bss)
 .bss           0x03000408        0x4 src/game/stage/camera.o
                0x00000410                        . = 0x410
 *fill*         0x0300040c        0x4 
 src/game/stage/terrain_collision.o(.bss)
 .bss           0x03000410       0x1c src/game/stage/terrain_collision.o
 src/lib/agb_flash/agb_flash.o(.bss)
 .bss           0x0300042c        0xa src/lib/agb_flash/agb_flash.o
                0x03000440                        . = ALIGN (0x10)
 *fill*         0x03000436        0xa 
 src/multi_sio.o(.data)
 .data          0x03000440      0x350 src/multi_sio.o
                0x03000440                gMultiSioIntrFuncBuf
                0x03000560                gMultiSioArea
                0x03000748                gUnusedMultiSioSpace
                0x03000750                gMultiSioRecvFuncBuf
 src/sio32_multi_load.o(COMMON)
 COMMON         0x03000790       0x18 src/sio32_multi_load.o
                0x03000790                gSio32MultiLoadArea
 src/core.o(.data)
 *fill*         0x030007a8        0x8 
 .data          0x030007b0     0x4c0c src/core.o
                0x030007b0                gIntrTable
                0x030007f0                gIntrMainBuf
                0x030009f0                gTasks
                0x030017f0                gUnknown_030017F0
                0x030017f4                gSpriteOffset
                0x03001800                gBackgroundsCopyQueue
                0x03001840                gFlags
                0x03001850                gOamMallocOrders_StartIndex
                0x03001870                gVBlankCallbacks
                0x03001880                gPhysicalInput
                0x03001884                gBgOffsetsHBlankPrimary
                0x03001888                gVramHeapMaxTileSlots
                0x0300188c                gNumHBlankCallbacks
                0x03001890                gMultiSioRecv
                0x030018e0                gNumHBlankIntrs
                0x030018e8                gBldRegs
                0x030018f0                gOamFreeIndex
                0x03001900                gEmptyTask
                0x03001920                gBgAffineRegs
                0x03001940                gVramHeapStartAddr
                0x03001944                gUnknown_03001944
                0x03001948                gNumVBlankIntrs
                0x0300194c                gUnknown_0300194C
                0x03001950                gMultiSioStatusFlags
                0x03001954                gMultiSioEnabled
                0x03001960                gTaskPtrs
                0x03001b60                gBgOffsetsBuffer
                0x03002060                gObjPalette
                0x03002260                gTilemapsRef
                0x03002264                gFrameCount
                0x03002270                gWinRegs
                0x0300227c                gNumTasks
                0x03002280                gBgSprites_Unknown2
                0x03002290                gInput
                0x030022a0                gRepeatedKeysTestCounter
                0x030022ac                gBgOffsetsHBlankSecondary
                0x030022b0                gBgCntRegs
                0x030022b8                gRepeatedKeys
                0x030022bc                gNextTask
                0x030022c0                gBgOffsetsSecondary
                0x030022d0                gOamMallocBuffer
                0x030026d0                gMosaicReg
                0x030026e0                gHBlankCallbacks
                0x030026f0                gCurTask
                0x030026f4                sLastCalledVblankFuncId
                0x03002700                gKeysFirstRepeatIntervals
                0x0300270c                gReleasedKeys
                0x03002710                gOamMallocCopiedOrder
                0x03002790                gFlagsPreVBlank
                0x03002794                gRefSpriteTables
                0x030027a0                gVramGraphicsCopyQueue
                0x03002820                gUnknown_03002820
                0x03002830                gBgScrollRegs
                0x03002840                gDispCnt
                0x03002850                gKeysContinuedRepeatIntervals
                0x03002860                gMultiSioSend
                0x03002874                gVCountSetting
                0x03002878                gHBlankCopyTarget
                0x0300287c                gBackgroundsCopyQueueIndex
                0x03002880                gBgPalette
                0x03002a80                gHBlankCopySize
                0x03002a84                gVramGraphicsCopyQueueIndex
                0x03002a88                gPrevInput
                0x03002a8c                gUnknown_03002A8C
                0x03002a90                gMultiBootParam
                0x03002adc                gPressedKeys
                0x03002ae0                gOamFirstPausedIndex
                0x03002ae4                gBackgroundsCopyQueueCursor
                0x03002af0                gHBlankIntrs
                0x03002b00                gIwramHeap
                0x03004d10                gBgSprites
                0x03004d50                gNumVBlankCallbacks
                0x03004d54                gBgOffsetsPrimary
                0x03004d58                gUnknown_03004D58
                0x03004d5c                gVramGraphicsCopyCursor
                0x03004d60                gOamMallocOrders_EndIndex
                0x03004d80                gBgSprites_Unknown1
                0x03004d90                gOamBuffer
                0x03005190                gVramHeapState
                0x03005390                gBgSpritesCount
                0x03005394                gUnknown_03005394
                0x03005398                gUnknown_03005398
                0x030053a0                gVBlankIntrs
                0x030053b0                gInputPlaybackData
                0x030053b4                gExecSoundMain
                0x030053b8                gPseudoRandom
 src/input_recorder.o(.data)
 *fill*         0x030053bc        0x4 
 .data          0x030053c0       0x10 src/input_recorder.o
                0x030053c0                gInputRecorder
                0x030053cc                gInputRecorderTapeBuffer
                0x030053e0                        . = ALIGN (0x20)
 *fill*         0x030053d0       0x10 
 src/game/sa1_sa2_shared/globals.o(.data)
 .data          0x030053e0      0x280 src/game/sa1_sa2_shared/globals.o
                0x030053e0                gSpikesUnknownTimer
                0x030053e4                gCheckpointTime
                0x030053e8                gMultiplayerCharRings
                0x030053ec                gMultiplayerLanguage
                0x030053f0                gRingCount
                0x030053f4                unused53F4
                0x0300540c                gActiveCollectRingEffectCount
                0x03005410                gMultiplayerIds
                0x03005420                gRoomEventQueueSendPos
                0x03005424                gStageFlags
                0x03005428                gMPRingCollectWins
                0x0300542c                gBossRingsRespawnCount
                0x03005430                gBossRingsShallRespawn
                0x03005434                gMultiplayerPseudoRandom
                0x03005438                gRoomEventQueueWritePos
                0x0300543c                gUnknown_0300543C
                0x03005440                gBossCameraClampYLower
                0x03005444                gTrappedAnimalVariant
                0x03005448                gNumLives
                0x0300544c                gPrevStageFlags
                0x03005450                gLevelScore
                0x03005460                gMultiplayerNames
                0x03005490                gCourseTime
                0x03005498                gCheeseTarget
                0x030054a0                gMPStageStartFrameCount
                0x030054a8                gMusicManagerState
                0x030054b0                gFinalBossActive
                0x030054b4                gMultiplayerRanks
                0x030054b8                gOamMatrixIndex
                0x030054bc                gBossCameraClampYUpper
                0x030054c0                gHomingTarget
                0x030054c8                gDemoPlayCounter
                0x030054cc                gGameMode
                0x030054d0                gStageGoalX
                0x030054d4                gMultiplayerMissingHeartbeats
                0x030054d8                gMultiplayerUnlockedLevels
                0x030054dc                gEntitiesManagerTask
                0x030054e0                gWorldSpeedY
                0x030054e4                gDestroySpotlights
                0x030054e8                gRandomItemBox
                0x030054ec                gDifficultyLevel
                0x030054f0                gSelectedCharacter
                0x030054f4                gSpecialRingCount
                0x030054f8                gNumSingleplayerCharacters
                0x030054fc                gWorldSpeedX
                0x03005500                gMultiplayerCharacters
                0x03005510                gRoomEventQueue
                0x03005590                gStageTime
                0x03005594                gMultiplayerUnlockedCharacters
                0x030055a0                gMultiplayerPlayerTasks
                0x030055b0                gBossIndex
                0x030055b4                gCurrentLevel
                0x030055b8                gMultiplayerConnections
                0x030055bc                gBoostEffectTasksCreated
                0x030055c0                unused_030055C0
                0x030055d0                gFrameInputsBuf
                0x030055d4                gNewInputCountersIndex
                0x030055d8                gFrameInputsBufIndex
                0x030055e0                gNewInputCounters
 src/game/water_effects.o(.data)
 .data          0x03005660       0x44 src/game/water_effects.o
                0x03005660                gWater
 src/game/cheese.o(.data)
 .data          0x030056a4        0x4 src/game/cheese.o
                0x030056a4                gCheese
 src/game/boost_effect.o(.data)
 *fill*         0x030056a8        0x8 
 .data          0x030056b0      0x185 src/game/boost_effect.o
 src/game/multiplayer/mp_player.o(.data)
 *fill*         0x03005835        0x3 
 .data          0x03005838        0x5 src/game/multiplayer/mp_player.o
                0x03005838                unused_3005838
                0x0300583c                gShouldSpawnMPAttack2Effect
 src/game/multiplayer/mp_attack_2_effect.o(.data)
 *fill*         0x0300583d        0x3 
 .data          0x03005840        0x4 src/game/multiplayer/mp_attack_2_effect.o
                0x03005840                gMPAttackEffect2Regs
 src/game/dummy_task.o(.data)
 .data          0x03005844        0x4 src/game/dummy_task.o
                0x03005844                gDummyTask
 src/game/stage/stage.o(.data)
 .data          0x03005848        0x4 src/game/stage/stage.o
                0x03005848                gGameStageTask
 src/game/stage/camera.o(.data)
 *fill*         0x0300584c        0x4 
 .data          0x03005850      0x178 src/game/stage/camera.o
                0x03005850                gStageBackgroundsRam
                0x03005950                unused_3005950
                0x03005960                gCamera
 src/game/stage/terrain_collision.o(.data)
 .data          0x030059c8        0x4 src/game/stage/terrain_collision.o
                0x030059c8                gRefCollision
 src/game/stage/dust_effect_braking.o(.data)
 *fill*         0x030059cc        0x4 
 .data          0x030059d0        0x8 src/game/stage/dust_effect_braking.o
                0x030059d0                gDustEffectBrakingTask
 src/game/stage/rings_scatter.o(.data)
 .data          0x030059d8        0x4 src/game/stage/rings_scatter.o
                0x030059d8                gRingsScatterTask
 src/game/stage/player.o(.data)
 *fill*         0x030059dc        0x4 
 .data          0x030059e0      0x154 src/game/stage/player.o
                0x030059e0                gPlayer
                0x03005aa0                gPlayerLimbsPSI
                0x03005af0                gPlayerBodyPSI
 src/game/stage/underwater_effects.o(.data)
 .data          0x03005b34        0x1 src/game/stage/underwater_effects.o
                0x03005b34                gSmallAirBubbleCount
 src/game/stage/player_controls.o(.data)
 *fill*         0x03005b35        0x3 
 .data          0x03005b38        0x8 src/game/stage/player_controls.o
                0x03005b38                gPlayerControls
 src/game/stage/player_super_sonic.o(.data)
 .data          0x03005b40        0x4 src/game/stage/player_super_sonic.o
                0x03005b40                sSuperSonicTask
 src/game/stage/ui.o(.data)
 .data          0x03005b44        0x4 src/game/stage/ui.o
                0x03005b44                gStageUITask
 src/game/stage/debug_text_printer.o(.data)
 .data          0x03005b48        0x4 src/game/stage/debug_text_printer.o
 src/game/bosses/common.o(.data)
 .data          0x03005b4c        0x4 src/game/bosses/common.o
                0x03005b4c                gActiveBossTask
 src/game/options_screen.o(.data)
 .data          0x03005b50        0x8 src/game/options_screen.o
                0x03005b50                gProfileScreenNextVramAddress
                0x03005b54                gProfileScreenSubMenuNextVramAddress
 src/game/special_stage/utils.o(.data)
 .data          0x03005b58        0x8 src/game/special_stage/utils.o
                0x03005b58                gSpecialStageSubMenuVramPointer
                0x03005b5c                gSpecialStageVramPointer
 src/game/save.o(.data)
 .data          0x03005b60        0xc src/game/save.o
                0x03005b60                gLastWrittenSaveGame
                0x03005b64                gLoadedSaveGame
                0x03005b68                gSaveSectorDataBuffer
 src/game/multiboot/collect_rings/time_display.o(.data)
 .data          0x03005b6c        0x4 src/game/multiboot/collect_rings/time_display.o
                0x03005b6c                gCollectRingsLastLapTime
 src/game/math.o(.data)
 .data          0x03005b70        0x8 src/game/math.o
                0x03005b70                gRngPrevValue
                0x03005b74                gRngValue
 src/game/multiplayer/mp_attack_1_effect.o(.data)
 .data          0x03005b78        0x5 src/game/multiplayer/mp_attack_1_effect.o
                0x03005b78                gUnused_03005B78
                0x03005b7c                gShouldSpawnMPAttackEffect
 src/game/bg_palette_effects.o(.data)
 *fill*         0x03005b7d        0x3 
 .data          0x03005b80        0x8 src/game/bg_palette_effects.o
                0x03005b80                gBgPaletteEffects
                0x03005b90                        . = ALIGN (0x10)
 *fill*         0x03005b88        0x8 
 src/lib/agb_flash/agb_flash.o(.data)
 .data          0x03005b90       0x24 src/lib/agb_flash/agb_flash.o
                0x03005b90                gFlashTimeoutFlag
                0x03005b94                PollFlashStatus
                0x03005b98                WaitForFlashWrite
                0x03005b9c                ProgramFlashSector
                0x03005ba0                gFlash
                0x03005ba4                gFlashNumRemainingBytes
                0x03005ba8                EraseFlashChip
                0x03005bac                EraseFlashSector
                0x03005bb0                gFlashMaxTime
                0x03005bb4                        iwram_end = .
                0x08000000                        . = 0x8000000

ROM             0x08000000   0xcd6674
 src/rom_header.o(.text)
 .text          0x08000000       0xc0 src/rom_header.o
                0x08000004                RomHeaderNintendoLogo
 src/crt0.o(.text)
 .text          0x080000c0      0x10c src/crt0.o
                0x080000c0                start_vector
                0x080000fc                IntrMain
 src/multi_sio_asm.o(.text)
 .text          0x080001cc      0x160 src/multi_sio_asm.o
                0x080001cc                MultiSioRecvBufChange
                0x0800020c                MultiSioIntr
 src/multi_sio.o(.text)
 .text          0x0800032c      0x4b4 src/multi_sio.o
                0x0800032c                MultiSioInit
                0x08000420                MultiSioMain
                0x08000538                MultiSioSendDataSet
                0x08000608                MultiSioRecvDataCheck
                0x08000774                MultiSioStart
                0x08000790                MultiSioStop
 src/multi_boot.o(.text)
 .text          0x080007e0      0x8dc src/multi_boot.o
                0x080007e0                MultiBootMain
                0x08000d74                MultiBootStartProbe
                0x08000dc8                MultiBootStartMaster
                0x08001024                MultiBootInit
                0x08001060                MultiBootCheckComplete
 src/sio32_multi_load.o(.text)
 .text          0x080010bc      0x348 src/sio32_multi_load.o
                0x080010bc                Sio32MultiLoadMain
                0x080012a0                Sio32MultiLoadIntr
                0x08001368                Sio32MultiLoadInit
 src/core.o(.text)
 .text          0x08001404     0x10ec src/core.o
                0x08001404                EngineInit
                0x080018bc                EngineMainLoop
                0x080021c4                ProcessVramGraphicsCopyQueue
                0x0800227c                GetInput
 src/main.o(.text)
 .text          0x080024f0       0x14 src/main.o
                0x080024f0                AgbMain
 src/task.o(.text)
 .text          0x08002504      0x538 src/task.o
                0x08002504                TasksInit
                0x080025e4                TaskCreate
                0x08002690                TaskDestroy
                0x08002724                TasksExec
                0x080027f8                IwramMalloc
                0x08002860                IwramFree
                0x080029d0                TasksDestroyInPriorityRange
 src/background.o(.text)
 .text          0x08002a3c     0x19dc src/background.o
                0x08002a3c                DrawBackground
                0x08002b20                sub_8002B20
                0x08003638                UpdateBgAnimationTiles
                0x080036e0                UpdateSpriteAnimation_BG
                0x08003914                DisplaySprite_BG
                0x080039e4                sub_80039E4
                0x08003ee4                sub_8003EE4
                0x08004010                sub_8004010
                0x08004274                RenderText
 src/sprite.o(.text)
 .text          0x08004418     0x183c src/sprite.o
                0x08004418                sub_8004418
                0x080044d8                numToASCII
                0x08004518                Base10DigitsToHexNibbles
                0x08004558                UpdateSpriteAnimation
                0x080047a0                sub_80047A0
                0x08004860                TransformSprite
                0x08004abc                UnusedTransform
                0x08004e14                sub_8004E14
                0x080051e8                DisplaySprite
                0x0800550c                DisplaySprites
                0x080058b4                OamMalloc
                0x0800594c                ProcessOamBuffers
 src/bg_triangles.o(.text)
 .text          0x08005c54     0x1ed8 src/bg_triangles.o
                0x08005c54                sub_8005C54
                0x08005fb4                sub_8005FB4
                0x08006228                sub_8006228
                0x080064a8                sub_80064A8
                0x0800672c                sub_800672C
                0x08006db4                sub_8006DB4
                0x0800724c                sub_800724C
                0x080075d0                sub_80075D0
                0x08007738                sub_8007738
                0x08007858                sub_8007858
                0x080078d4                sub_80078D4
                0x08007958                sub_8007958
                0x08007a08                sub_8007A08
                0x08007ac0                sub_8007AC0
 src/malloc_ewram.o(.text)
 .text          0x08007b2c       0xe4 src/malloc_ewram.o
                0x08007b2c                EwramInitHeap
                0x08007b40                EwramMalloc
                0x08007ba4                EwramFree
 src/malloc_vram.o(.text)
 .text          0x08007c10      0x110 src/malloc_vram.o
                0x08007c10                VramMalloc
                0x08007cc8                VramResetHeapState
                0x08007cf0                VramFree
 src/input_recorder.o(.text)
 .text          0x08007d20       0xf0 src/input_recorder.o
                0x08007d20                InputRecorderResetRecordHead
                0x08007d2c                InputRecorderResetPlaybackHead
                0x08007d38                InputRecorderLoadTape
                0x08007d8c                InputRecorderRead
                0x08007dbc                InputRecorderWrite
 src/game/sa1_sa2_shared/rings_manager.o(.text)
 .text          0x08007e10      0xa7c src/game/sa1_sa2_shared/rings_manager.o
                0x08007e10                CreateStageRingsManager
                0x08007f1c                Task_RingsMgrMain
                0x08008874                TaskDestructor_RingsMgr
 src/game/sa1_sa2_shared/entities_manager.o(.text)
 .text          0x0800888c      0xd9c src/game/sa1_sa2_shared/entities_manager.o
                0x0800888c                CreateStageEntitiesManager
                0x08009530                CreateEnemyDefeatScoreAndManageLives
                0x080095e8                TaskDestructor_80095E8
 src/game/sa1_sa2_shared/palette_loader.o(.text)
 .text          0x08009628       0xb4 src/game/sa1_sa2_shared/palette_loader.o
                0x08009628                CreatePaletteLoaderTask
 src/game/sa1_sa2_shared/unused_level_select.o(.text)
 .text          0x080096dc      0x23c src/game/sa1_sa2_shared/unused_level_select.o
                0x080096dc                CreateUnusedLevelSelect
 src/game/sa1_sa2_shared/spot_light_beam_task.o(.text)
 .text          0x08009918      0x4e8 src/game/sa1_sa2_shared/spot_light_beam_task.o
                0x08009918                CreateSpotlightBeamTask
                0x08009964                Task_SpotlightBeamTask
                0x08009dec                TaskDestructor_SpotlightBeamTask
 src/game/sa1_sa2_shared/enemy_defeat_score.o(.text)
 .text          0x08009e00      0x194 src/game/sa1_sa2_shared/enemy_defeat_score.o
                0x08009e00                CreateEnemyDefeatScore
                0x08009eb0                Task_CreateEnemyDefeatScore_MoveUp
                0x08009f1c                Task_CreateEnemyDefeatScore_Hold
                0x08009f80                TaskDestructor_CreateEnemyDefeatScore
 src/game/sa1_sa2_shared/demo_manager.o(.text)
 .text          0x08009f94      0x4a8 src/game/sa1_sa2_shared/demo_manager.o
                0x08009f94                CreateDemoManager
                0x0800a110                Task_DemoManagerMain
                0x0800a24c                Task_DemoManagerEndFadeout
                0x0800a310                Task_DemoManagerFadeout
                0x0800a350                TaskDestructor_DemoManagerMain
                0x0800a388                CreateMusicFadeoutTask
                0x0800a3d4                Task_DemoManagerMusicFadeout
 src/game/sa1_sa2_shared/unused_flash_task.o(.text)
 .text          0x0800a43c      0x108 src/game/sa1_sa2_shared/unused_flash_task.o
                0x0800a43c                CreateUnusedFlashTask
                0x0800a4cc                Task_UnusedFlashTask
                0x0800a510                DestroyUnusedFlashTask
 src/game/sa1_sa2_shared/simple_sprite_particle.o(.text)
 .text          0x0800a544      0x164 src/game/sa1_sa2_shared/simple_sprite_particle.o
                0x0800a544                CreateSimpleSpriteParticle
                0x0800a5f8                Task_SimpleSpriteParticleMain
                0x0800a694                TaskDestructor_800A694
 src/game/sa1_sa2_shared/spot_light.o(.text)
 .text          0x0800a6a8      0x354 src/game/sa1_sa2_shared/spot_light.o
                0x0800a6a8                CreateSpotLightBeams
                0x0800a744                Task_SpotLightMain
                0x0800a8e0                Task_800A8E0
                0x0800a9b8                TaskDestructor_SpotLightMain
 src/game/sa1_sa2_shared/pause_menu.o(.text)
 .text          0x0800a9fc      0x4a4 src/game/sa1_sa2_shared/pause_menu.o
                0x0800a9fc                CreatePauseMenu
                0x0800ab08                Task_PauseMenuUpdate
                0x0800adac                Task_PauseMenuInit
                0x0800ae44                TaskDestructor_PauseMenu
                0x0800ae58                sub_800AE58
 src/game/sa1_sa2_shared/collect_ring_effect.o(.text)
 .text          0x0800aea0      0x19c src/game/sa1_sa2_shared/collect_ring_effect.o
                0x0800aea0                CreateCollectRingEffect
                0x0800afd0                Task_CollectRingEffect
 src/game/sa1_sa2_shared/itembox.o(.text)
 .text          0x0800b03c      0x97c src/game/sa1_sa2_shared/itembox.o
                0x0800b03c                CreateEntity_ItemBox
                0x0800b1ac                BreakItemBox
                0x0800b23c                ApplyItemboxEffect
                0x0800b580                InitItemBoxGraphics
                0x0800b704                Task_ItemBoxMain
                0x0800b780                Task_ItemBoxIconMain_Rising
                0x0800b7d0                Task_ItemBoxIconMain_Idle
                0x0800b80c                TaskDestructor_ItemBox
                0x0800b828                MultiplayerItemBoxBreak
                0x0800b860                DrawItemBox
                0x0800b8ac                CheckItemBoxOutOfBounds
                0x0800b8f4                CheckItemBoxPlayerCollision
                0x0800b950                Task_ItemBoxIconMain_Rise_MP
                0x0800b9a0                FinishItemBoxRise_MP
 src/game/sa1_sa2_shared/dust_cloud.o(.text)
 .text          0x0800b9b8       0xf4 src/game/sa1_sa2_shared/dust_cloud.o
                0x0800b9b8                CreateDustCloud
 src/game/sa1_sa2_shared/magnetic_ring.o(.text)
 .text          0x0800baac      0x264 src/game/sa1_sa2_shared/magnetic_ring.o
                0x0800baac                CreateMagneticRing
                0x0800bb44                Task_MagneticRing
 src/game/sa1_sa2_shared/music_manager.o(.text)
 .text          0x0800bd10      0x29c src/game/sa1_sa2_shared/music_manager.o
                0x0800bd10                Task_StageMusicManager
                0x0800bef8                CreateStageMusicManager
                0x0800bf74                MusManager_Fadeout
 src/game/sa1_sa2_shared/collision.o(.text)
 .text          0x0800bfac     0x1fe0 src/game/sa1_sa2_shared/collision.o
                0x0800bfac                Coll_Player_Entity_RectIntersection
                0x0800c060                Coll_Player_PlatformCrumbling
                0x0800c204                Coll_Player_Entity_HitboxN
                0x0800c320                Coll_Player_Boss_Attack
                0x0800c418                Coll_Cheese_Enemy_Attack
                0x0800c4fc                Coll_Player_Enemy_Attack
                0x0800c84c                Coll_Player_Projectile
                0x0800c944                Coll_Player_ItemBox
                0x0800ca20                Coll_Player_Enemy
                0x0800cb18                Coll_Player_Enemy_AdjustSpeed
                0x0800cba4                Coll_DamagePlayer
                0x0800ccb8                Coll_Player_Platform
                0x0800cdbc                Coll_Player_Interactable
                0x0800ce94                sub_800CE94
                0x0800d0a0                sub_800D0A0
                0x0800da4c                sub_800DA4C
                0x0800dd54                sub_800DD54
                0x0800de44                sub_800DE44
                0x0800df38                Coll_Player_Entity_Intersection
 src/game/sa1_sa2_shared/input_buffer.o(.text)
 .text          0x0800df8c      0x210 src/game/sa1_sa2_shared/input_buffer.o
                0x0800df8c                InputBuffer_HandleFrameInput
                0x0800e0c0                InputBuffer_NewFrameInput
                0x0800e16c                InitNewInputCounters
 src/game/sa1_sa2_shared/interactables/spring.o(.text)
 .text          0x0800e19c      0x590 src/game/sa1_sa2_shared/interactables/spring.o
                0x0800e574                CreateEntity_Spring_Big_DownLeft
                0x0800e5a0                CreateEntity_Spring_Normal_Down
                0x0800e5cc                CreateEntity_Spring_Big_DownRight
                0x0800e5f8                CreateEntity_Spring_Normal_Left
                0x0800e624                CreateEntity_Spring_Normal_Right
                0x0800e650                CreateEntity_Spring_Big_UpLeft
                0x0800e67c                CreateEntity_Spring_Normal_Up
                0x0800e6a8                CreateEntity_Spring_Big_UpRight
                0x0800e6d4                CreateEntity_Spring_Small_UpLeft
                0x0800e700                CreateEntity_Spring_Small_UpRight
 src/game/sa1_sa2_shared/interactables/platform.o(.text)
 .text          0x0800e72c      0xa90 src/game/sa1_sa2_shared/interactables/platform.o
                0x0800e72c                CreateEntity_Platform
                0x0800eb28                CreateEntity_FallingPlatform
                0x0800edf8                Task_FallingPlatformMain_FallDelay
                0x0800efd0                Task_FallingPlatformMain_Falling
                0x0800f1b0                HandlePlatformOffsetYStorage
 src/game/sa1_sa2_shared/interactables/platform_square.o(.text)
 .text          0x0800f1bc      0x81c src/game/sa1_sa2_shared/interactables/platform_square.o
                0x0800f1bc                CreateEntity_Platform_Square
 src/game/sa1_sa2_shared/interactables/ramp.o(.text)
 .text          0x0800f9d8      0x460 src/game/sa1_sa2_shared/interactables/ramp.o
                0x0800f9d8                CreateEntity_Ramp
 src/game/sa1_sa2_shared/interactables/grind_rail.o(.text)
 .text          0x0800fe38      0x760 src/game/sa1_sa2_shared/interactables/grind_rail.o
                0x08010498                CreateEntity_GrindRail_StartAir
                0x080104b8                CreateEntity_GrindRail_End_ForcedJump
                0x080104d8                CreateEntity_GrindRail_Start
                0x080104f8                CreateEntity_GrindRail_EndGround
                0x08010518                CreateEntity_GrindRail_EndAir
                0x08010538                CreateEntity_GrindRail_EndAir_Left
                0x08010558                CreateEntity_GrindRail_EndAlternate
                0x08010578                CreateEntity_GrindRail_EndGround_Left
 src/game/sa1_sa2_shared/interactables/ceiling_slope.o(.text)
 .text          0x08010598      0x150 src/game/sa1_sa2_shared/interactables/ceiling_slope.o
                0x08010598                Task_Interactable_CeilingSlope
                0x08010698                CreateEntity_CeilingSlope
 src/game/sa1_sa2_shared/interactables/pipe.o(.text)
 .text          0x080106e8      0x29c src/game/sa1_sa2_shared/interactables/pipe.o
                0x080108ec                CreateEntity_Pipe_Start
                0x08010938                CreateEntity_Pipe_End
 src/game/sa1_sa2_shared/interactables/platform_thin.o(.text)
 .text          0x08010984      0x898 src/game/sa1_sa2_shared/interactables/platform_thin.o
                0x08010984                CreateEntity_PlatformThin
 src/game/sa1_sa2_shared/interactables/slidy_ice.o(.text)
 .text          0x0801121c      0x10c src/game/sa1_sa2_shared/interactables/slidy_ice.o
                0x0801121c                Task_SlidyIce
                0x080112dc                CreateEntity_SlidyIce
 src/game/water_effects.o(.text)
 .text          0x08011328      0x860 src/game/water_effects.o
                0x08011328                InitWaterPalettes
                0x080115d0                CreateStageWaterTask
                0x080117f0                CreateRunOnWaterEffect
                0x080118fc                CreateWaterfallSurfaceHitEffect
                0x08011960                MaskPaletteWithUnderwaterColor
 src/game/player_callbacks.o(.text)
 .text          0x08011b88     0x2424 src/game/player_callbacks.o
                0x08011b88                CreateSonicAmySkidAttackEffect
                0x08011c98                CreateSonicBoundEffect
                0x08011d48                Player_SonicAmy_InitSkidAttack
                0x08011dcc                Player_SonicAmy_WindupSkidAttack
                0x08011e88                Player_SonicAmy_SkidAttack
                0x08011f1c                Player_SonicAmy_InitStopNSlam
                0x08011f94                Player_SonicAmy_StopNSlam
                0x08012034                Task_SonicBoundMotionFrames
                0x080120c0                Player_SonicForwardThrust
                0x08012194                Player_Sonic_InitHomingAttack
                0x0801225c                Player_InitHomingAttackRecoil
                0x080122dc                Player_UpdateHomingPosition
                0x080123d0                Player_80123D0
                0x080123fc                Player_SonicAmy_WindupStopNSlam
                0x08012460                Player_SonicAmy_StopNSlam_AfterGroundCollision
                0x08012498                Player_SonicAmy_StopNSlam_FallAfterCollision
                0x080124b8                TaskDestructor_SonicBoundMotionFrames
                0x080124d0                Player_Sonic_HomingAttack
                0x0801251c                Player_Sonic_TryForwardThrust
                0x08012548                Player_Cream_InitChaoAttack
                0x080125bc                UpdateCreamFlying
                0x08012644                Player_Cream_InitFlying
                0x080126b0                Player_Cream_Flying
                0x080127f0                Player_Cream_ChaoAttack
                0x08012830                Player_Cream_InitStepAttack
                0x08012888                Player_Cream_InitChaoRollingAttack
                0x080128e0                Player_Cream_InitMidAirChaoAttack
                0x08012938                Player_Cream_StepAttack
                0x08012978                Player_Cream_ChaoRollingAttack
                0x080129bc                Player_Cream_WindupMidAirChaoAttack
                0x080129dc                CreateTailsTailSwipeEffect
                0x08012ad0                Player_Tails_InitUnusedJump
                0x08012b44                sub_8012B44
                0x08012bc0                Player_Tails_InitFlying
                0x08012c2c                Player_Tails_8012C2C
                0x08012d1c                Player_8012D1C
                0x08012d3c                Player_Tails_InitTailSwipe
                0x08012da4                Player_Tails_TailSwipe
                0x08012df8                CreateKnucklesFireEffect
                0x08012eec                Player_Knuckles_InitPunch
                0x08012f6c                Player_Knuckles_PunchLeft
                0x08013010                Player_Knuckles_PunchRight
                0x08013070                Player_Knuckles_InitSpiralAttack
                0x080130e4                Player_Knuckles_SpiralAttack
                0x08013150                Player_Knuckles_Glide_UpdateFrames
                0x080131b4                Player_Knuckles_Glide_MainUpdate
                0x08013498                Player_Knuckles_GlideSoftFall
                0x0801350c                Player_Knuckles_GlideHardLandingUpdateAnim
                0x080135bc                sub_80135BC
                0x08013644                sub_8013644
                0x080136e8                Player_Knuckles_Climb_80136E8
                0x0801394c                sub_801394C
                0x080139b0                Knuckles_Glide_UpdateSpeed
                0x08013ad8                Player_Knuckles_InitGlide
                0x08013b6c                Player_8013B6C
                0x08013bb4                Player_Knuckles_Glide
                0x08013bd4                Player_Knuckles_FallAfterGlide
                0x08013bf0                Player_Knuckles_GlideSoftLanding
                0x08013c18                Player_Knuckles_GlideHardLanding
                0x08013c34                Player_Knuckles_Climb
                0x08013c50                Player_Knuckles_InitClimbPullUpEdge
                0x08013ca0                sub_8013CA0
                0x08013cc0                sub_8013CC0
                0x08013cf4                sub_8013CF4
                0x08013d18                Player_Knuckles_InitDrillClaw
                0x08013d7c                sub_8013D7C
                0x08013da8                Player_Knuckles_WindupDrillClaw
                0x08013dfc                Player_Knuckles_DrillClaw
                0x08013e34                Player_Knuckles_DrillClawLanding
                0x08013e64                Player_Knuckles_ClimbPullUpEdge
                0x08013ee0                sub_8013EE0
                0x08013f04                Player_Amy_InitHammerAttack
                0x08013f60                Player_Amy_HammerAttack
 src/game/cheese.o(.text)
 .text          0x08013fac     0x1670 src/game/cheese.o
                0x08013fac                CreateCheese
                0x0801412c                sub_801412C
                0x0801420c                sub_801420C
                0x080142ac                sub_80142AC
                0x08014350                sub_8014350
                0x080144cc                sub_80144CC
                0x080145d8                sub_80145D8
                0x0801464c                sub_801464C
                0x08014834                sub_8014834
                0x080148b8                sub_80148B8
                0x080149ec                sub_80149EC
                0x08014a68                sub_8014A68
                0x08014afc                sub_8014AFC
                0x08014bb0                sub_8014BB0
                0x08014c60                sub_8014C60
                0x08014cc8                sub_8014CC8
                0x08014efc                sub_8014EFC
                0x08015118                sub_8015118
                0x080152ec                sub_80152EC
                0x08015360                sub_8015360
                0x08015378                sub_8015378
                0x080153f8                sub_80153F8
                0x08015464                sub_8015464
                0x080154b0                sub_80154B0
                0x08015500                sub_8015500
                0x0801555c                sub_801555C
                0x080155d0                sub_80155D0
                0x08015604                sub_8015604
                0x08015618                sub_8015618
 src/game/boost_effect.o(.text)
 .text          0x0801561c      0x5b8 src/game/boost_effect.o
                0x0801561c                sub_801561C
                0x080156d0                BoostEffect_StorePlayerState
                0x08015750                sub_8015750
                0x08015790                BoostEffect_StorePlayerPos
                0x080157c8                GetPreviousPlayerPos
                0x080157f4                GetPreviousFramePlayerState
                0x0801583c                CreateBoostEffectTasks
                0x080159c8                Task_80159C8
                0x08015b50                TaskDestructor_8015B50
                0x08015b64                sub_8015B64
 src/game/amy_attack_heart_effect.o(.text)
 .text          0x08015bd4      0x454 src/game/amy_attack_heart_effect.o
                0x08015bd4                CreateAmyAttackHeartEffect
                0x08015ce4                Task_AmyAttackHeartEffect
                0x08015e28                sub_8015E28
                0x08015ff0                TaskDestructor_AmyAttackHeartEffect
 src/game/multiplayer/mp_player.o(.text)
 .text          0x08016028     0x28d4 src/game/multiplayer/mp_player.o
                0x08016028                CreateMultiplayerPlayer
                0x0801623c                Task_CreateMultiplayerPlayer
                0x08016d20                sub_8016D20
                0x0801707c                sub_801707C
                0x08017670                sub_8017670
                0x08017c28                sub_8017C28
                0x08017f34                sub_8017F34
                0x08018120                sub_8018120
                0x080181e0                sub_80181E0
                0x08018300                sub_8018300
                0x08018760                Task_HandleLaunchPlayer
                0x08018818                sub_8018818
                0x08018878                TaskDestructor_MultiplayerPlayer
                0x080188a4                LaunchPlayer
 src/game/multiplayer/multiplayer_event_mgr.o(.text)
 .text          0x080188fc      0x928 src/game/multiplayer/multiplayer_event_mgr.o
                0x080188fc                Task_MultiplayerEventMgr_Send
                0x08018a28                Task_MultiplayerEventMgr_Receive
                0x08018ad8                ReceiveRoomEvent_ItemEffect
                0x08018e00                ReceiveRoomEvent_ReachedStageGoal
                0x08019120                CreateMultiplayerSendEventMgr
                0x080191a4                CreateMultiplayerReceiveEventMgr
 src/game/multiplayer/multiplayer_event_recv_mgr.o(.text)
 .text          0x08019224      0x1a0 src/game/multiplayer/multiplayer_event_recv_mgr.o
                0x08019224                CreateRoomEvent
                0x08019240                ReceiveRoomEvent_PlatformChange
                0x080192a8                ReceiveRoomEvent_ItemBoxBreak
                0x080192fc                ReceiveRoomEvent_EnemyDestroyed
                0x08019350                ReceiveRoomEvent_PlayerRingLoss
                0x08019368                ReceiveRoomEvent_MysteryItemBoxBreak
                0x080193b8                ReceiveRoomEvent_Unknown
 src/game/multiplayer/indicators.o(.text)
 .text          0x080193c4      0x908 src/game/multiplayer/indicators.o
                0x080193c4                CreateOpponentPositionIndicator
                0x08019498                CreateSelfPositionIndicator
 src/game/multiplayer/finish.o(.text)
 .text          0x08019ccc      0x6b8 src/game/multiplayer/finish.o
                0x08019ccc                CreateMultiplayerFinishResult
                0x08019e70                Task_8019E70
                0x08019ef4                TaskDestructor_8019EF4
                0x08019f08                CreateMultiplayerFinishHandler
                0x0801a04c                Task_801A04C
                0x0801a0e0                Task_TransitionToResultsScreen
 src/game/multiplayer/mp_attack_2_effect.o(.text)
 .text          0x0801a384      0x198 src/game/multiplayer/mp_attack_2_effect.o
                0x0801a384                CreateMPAttack2Effect
 src/game/game.o(.text)
 .text          0x0801a51c      0x168 src/game/game.o
                0x0801a51c                GameInit
 src/game/dummy_task.o(.text)
 .text          0x0801a684       0x54 src/game/dummy_task.o
                0x0801a684                CreateDummyTask
 src/game/stage/stage.o(.text)
 .text          0x0801a6d8     0x1990 src/game/stage/stage.o
                0x0801a6d8                ApplyGameStageSettings
                0x0801a770                GameStageStart
                0x0801a838                CreateGameStage
                0x0801ab3c                Task_GameStage
                0x0801ae48                HandleLifeLost
                0x0801af14                StageInit_Zone1Act1
                0x0801afa4                StageInit_Zone3Act1
                0x0801b03c                StageInit_Zone3Act2
                0x0801b0d4                StageInit_Zone4Act1
                0x0801b180                StageInit_Zone4Act2
                0x0801b22c                StageInit_Zone6Act1
                0x0801b324                StageInit_Zone6Act2
                0x0801b41c                StageInit_Zone7Act1
                0x0801b4ec                StageInit_Zone7Act2
                0x0801b5bc                StageInit_Zone7ActBoss
                0x0801b68c                DestroyStageTasks
                0x0801b6b4                HandleDeath
                0x0801b744                GoToNextLevel
                0x0801b7a8                TaskDestructor_GameStage
                0x0801b7bc                StageInit_Zone1Act2
                0x0801b83c                StageInit_Zone1ActBoss
                0x0801b8a8                StageInit_Zone2Act1
                0x0801b914                StageInit_Zone2Act2
                0x0801b980                StageInit_Zone2ActBoss
                0x0801b9ec                StageInit_Zone3ActBoss
                0x0801ba58                StageInit_Zone4ActBoss
                0x0801bac4                StageInit_Zone5Act1
                0x0801bb30                StageInit_Zone5Act2
                0x0801bb9c                StageInit_Zone5ActBoss
                0x0801bc1c                StageInit_Zone6ActBoss
                0x0801bc88                StageInit_ZoneFinalActXX
                0x0801bd08                StageInit_ZoneFinalActTA53
                0x0801bd74                StageInit_MultiplayerSinglePak
                0x0801bde0                StageInit_31
                0x0801be4c                StageInit_32
                0x0801beb8                StageInit_33
                0x0801bf24                StageInit_Dummy
                0x0801bf90                StageInit_CollectRings
                0x0801bffc                StageInit_SetMusic
 src/game/stage/camera.o(.text)
 .text          0x0801c068     0x247c src/game/stage/camera.o
                0x0801c068                InitCamera
                0x0801c394                UpdateCamera
                0x0801c708                RenderMetatileLayers
                0x0801c774                CreateStageBg_Zone1
                0x0801c818                StageBgUpdate_Zone1Acts12
                0x0801c94c                StageBgUpdate_Zone2Acts12
                0x0801cb74                CreateStageBg_Zone3
                0x0801cbe8                StageBgUpdate_Zone3Acts12
                0x0801cd7c                CreateStageBg_Zone4
                0x0801cdf0                StageBgUpdate_Zone4Acts12
                0x0801cee4                CreateStageBg_Zone5
                0x0801cf60                StageBgUpdate_Zone5Acts12
                0x0801d104                CreateStageBg_Zone6_Acts
                0x0801d1a8                CreateStageBg_Zone6_Boss
                0x0801d24c                sub_801D24C
                0x0801d534                StageBgUpdate_Zone6Acts12
                0x0801d95c                CreateStageBg_Zone7
                0x0801d9d4                Zone7BgUpdate_Inside
                0x0801dd7c                Zone7BgUpdate_Outside
                0x0801df08                CreateStageBg_ZoneFinal_0
                0x0801e028                DestroyCameraMovementTask
                0x0801e040                TaskDestructor_Camera
                0x0801e0a8                Task_CallUpdateCamera
                0x0801e104                Task_UpdateCamera
                0x0801e118                CreateStageBg_Default
                0x0801e12c                CreateStageBg_Dummy
                0x0801e130                StageBgUpdate_Dummy
                0x0801e134                StageBgUpdate_Zone1ActBoss
                0x0801e1a4                StageBgUpdate_Zone2ActBoss
                0x0801e1d0                StageBgUpdate_Zone3ActBoss
                0x0801e1e4                StageBgUpdate_Zone5ActBoss
                0x0801e234                StageBgUpdate_Zone6ActBoss
                0x0801e26c                StageBgUpdate_Zone7Acts12
                0x0801e2e0                StageBgUpdate_Zone7ActBoss
                0x0801e310                StageBgUpdate_ZoneFinalActXX
                0x0801e360                StageBgUpdate_ZoneFinalActTA53
                0x0801e3f0                sub_801E3F0
                0x0801e434                HBlankCB_801E434
                0x0801e454                HBlankCB_801E454
                0x0801e494                nullsub_801E494
                0x0801e498                HBlankCB_BgUpdateZone5ActBoss
                0x0801e4c4                HBlankCB_BgUpdateZoneFinalActXX
 src/game/stage/terrain_collision.o(.text)
 .text          0x0801e4e4      0xc78 src/game/stage/terrain_collision.o
                0x0801e4e4                sub_801E4E4
                0x0801e6d4                sub_801E6D4
                0x0801eb44                sub_801EB44
                0x0801ec3c                sub_801EC3C
                0x0801ed24                sub_801ED24
                0x0801ee64                sub_801EE64
                0x0801ef94                sub_801EF94
                0x0801f044                sub_801F044
                0x0801f07c                sub_801F07C
                0x0801f100                sub_801F100
 src/game/stage/mp_sprite_task.o(.text)
 .text          0x0801f15c      0x470 src/game/stage/mp_sprite_task.o
                0x0801f15c                CreateMultiplayerSpriteTask
                0x0801f214                Task_UpdateMpSpriteTaskSprite
                0x0801f3a4                CreateStageGoalBonusPointsAnim
                0x0801f488                CreateGrindEffect2
                0x0801f550                TaskDestructor_MultiplayerSpriteTask
                0x0801f568                CreateGrindfEffect2Sprite
 src/game/stage/dust_effect_braking.o(.text)
 .text          0x0801f5cc      0x210 src/game/stage/dust_effect_braking.o
                0x0801f5cc                CreateBrakingDustEffect
                0x0801f6e0                Task_BrakingDustEffect
                0x0801f754                CreateBrakingDustEffectRelatedTask
                0x0801f78c                DestroyBrakingDustEffectRelatedTask
                0x0801f7a8                TaskDestructor_BrakingDustEffectRelated
                0x0801f7b4                Task_BrakingDustEffectRelated
                0x0801f7b8                TaskDestructor_BrakingDustEffect
 src/game/stage/dust_effect_spindash.o(.text)
 .text          0x0801f7dc      0x320 src/game/stage/dust_effect_spindash.o
                0x0801f7dc                CreateSpindashDustEffect
                0x0801f860                Task_SpindashDustEffect
                0x0801f9a4                Task_SpindashDustEffectBig
                0x0801fae8                TaskDestructor_SpindashDustEffect
 src/game/stage/grind_effect_1.o(.text)
 .text          0x0801fafc      0x130 src/game/stage/grind_effect_1.o
                0x0801fafc                CreateGrindEffect
                0x0801fb80                Task_GrindEffect
                0x0801fc18                TaskDestructor_GrindEffect
 src/game/stage/rings_scatter.o(.text)
 .text          0x0801fc2c     0x1794 src/game/stage/rings_scatter.o
                0x0801fc2c                InitPlayerHitRingsScatter
                0x0801fd34                InitScatteringRings
                0x0801fe78                RingsScatterSingleplayer_FlippedGravity
                0x080201b8                RingsScatterSingleplayer_NormalGravity
                0x08020514                RingsScatterMultipak_FlippedGravity
                0x08020998                RingsScatterMultipak_NormalGravity
                0x08020e20                RingsScatterSinglepakMain
                0x08021350                DestroyRingsScatterTask
                0x08021368                Task_RingsScatter_Singleplayer
                0x08021388                Task_RingsScatter_MP_Multipak
                0x080213a8                Task_RingsScatter_MP_Singlepak
                0x080213b4                TaskDestructor_RingsScatter
 src/game/stage/player.o(.text)
 .text          0x080213c0     0x93ec src/game/stage/player.o
                0x080213c0                CreatePlayer
                0x08021490                AllocateCharacterStageGfx
                0x08021554                AllocateCharacterMidAirGfx
                0x08021604                SetStageSpawnPos
                0x08021694                InitializePlayer
                0x080218e4                Player_TransitionCancelFlyingAndBoost
                0x0802195c                sub_802195C
                0x08021a34                sub_8021A34
                0x08021b08                sub_8021B08
                0x08021be0                sub_8021BE0
                0x08021c4c                sub_8021C4C
                0x08021db8                sub_8021DB8
                0x08021ee4                sub_8021EE4
                0x0802203c                sub_802203C
                0x08022190                sub_8022190
                0x08022218                sub_8022218
                0x08022284                sub_8022284
                0x08022318                sub_8022318
                0x080223bc                sub_80223BC
                0x080224dc                sub_80224DC
                0x080225e8                sub_80225E8
                0x08022710                sub_8022710
                0x08022838                sub_8022838
                0x080228c0                sub_80228C0
                0x080229ec                sub_80229EC
                0x08022b18                sub_8022B18
                0x08022c44                sub_8022C44
                0x08022d6c                sub_8022D6C
                0x08022f58                sub_8022F58
                0x0802302c                sub_802302C
                0x08023128                sub_8023128
                0x080231c0                sub_80231C0
                0x08023260                sub_8023260
                0x080232d0                sub_80232D0
                0x08023610                Player_AirInputControls
                0x080236c8                sub_80236C8
                0x08023708                sub_8023708
                0x08023748                sub_8023748
                0x08023878                Player_HandleWater
                0x08023b5c                Player_HandleSpriteYOffsetChange
                0x08023c10                Player_Debug_TestRingScatter
                0x08023d08                Task_PlayerHandleDeath
                0x08023e90                Task_PlayerDied
                0x08023fc0                Task_PlayerMain
                0x08024228                CallPlayerTransition
                0x0802460c                Player_HandleInputs
                0x080246dc                sub_80246DC
                0x0802486c                sub_802486C
                0x08024b10                sub_8024B10
                0x08024f74                sub_8024F74
                0x08025318                Player_TouchGround
                0x080253c4                Player_Idle
                0x08025548                Player_8025548
                0x0802569c                Player_Taunt
                0x08025854                Player_Crouch
                0x08025a0c                Player_SpinAttack
                0x08025ab8                Player_Rolling
                0x08025d00                Player_InitJump
                0x08025e18                Player_Jumping
                0x08025f84                Player_8025F84
                0x08026060                Player_8026060
                0x0802611c                Player_InitUncurl
                0x080261d8                Player_Uncurl
                0x0802631c                Player_InitSpindash
                0x08026378                Player_Spindash
                0x0802669c                InitPlayerGrindGraphics
                0x08026764                Player_InitGrinding
                0x08026810                Player_DoGrinding
                0x080269c0                Player_InitGrindRailEndGround
                0x08026a4c                Player_GrindRailEndAir
                0x08026b64                sub_8026B64
                0x08026bcc                Player_8026BCC
                0x08026d2c                Player_8026D2C
                0x08026e24                Player_InitPipeEntry
                0x08026f10                Player_InitPipeExit
                0x08026fc8                Player_InitPropellorSpring
                0x08027040                Player_PropellorSpring
                0x08027114                Player_InitCorkscrew
                0x08027190                Player_Corkscrew
                0x08027250                Player_InitHurt
                0x08027324                Player_Hurt
                0x080273d0                Player_InitReachedGoal
                0x080274b8                Player_GoalSlowdown
                0x08027620                Player_GoalBrake
                0x0802785c                Player_InitVictoryPoseTransition
                0x080278d4                Player_VictoryPose
                0x080279f8                Player_80279F8
                0x08027b98                Player_8027B98
                0x08027c5c                Player_8027C5C
                0x08027d3c                Player_HandleMultiplayerFinish
                0x08027ef0                Player_HandlePhysicsWithAirInput
                0x0802808c                Player_HandlePhysics
                0x08028204                sub_8028204
                0x080282ec                sub_80282EC
                0x080283c4                sub_80283C4
                0x08028478                sub_8028478
                0x08028640                sub_8028640
                0x080286f0                Player_InitDefaultTrick
                0x080287ac                Player_WindupDefaultTrick
                0x0802890c                Player_DefaultTrick
                0x08028adc                DoTrickIfButtonPressed
                0x08028d74                Player_8028D74
                0x08028e24                Player_TouchNormalSpring
                0x08029074                Player_8029074
                0x08029158                Player_InitRampOrDashRing
                0x08029314                Player_8029314
                0x0802940c                Player_DashRing
                0x080294f4                Player_TryMidAirAction
                0x08029670                Player_HandleGroundMovement
                0x080298a0                Player_HandleBoostThreshold
                0x080298e0                Player_HandleBoostState
                0x08029994                Player_HandleWalkAnim
                0x080299f4                CallSetStageSpawnPos
                0x08029a00                DestroyPlayerTasks
                0x08029a2c                sub_8029A28
                0x08029a78                sub_8029A74
                0x08029ac4                sub_8029AC0
                0x08029b10                sub_8029B0C
                0x08029b5c                sub_8029B58
                0x08029b8c                sub_8029B88
                0x08029bbc                sub_8029BB8
                0x08029c88                sub_8029C84
                0x08029ca4                sub_8029CA0
                0x08029ce4                sub_8029CE0
                0x08029d18                sub_8029D14
                0x08029d68                Player_UpdatePosition
                0x08029dcc                PlayerFn_Cmd_UpdateAirFallSpeed
                0x08029dec                sub_8029DE8
                0x08029e28                DeadPlayerLeftScreen_UnusedCopy
                0x08029e70                Player_TryJump
                0x08029edc                sub_8029ED8
                0x08029f24                sub_8029F20
                0x08029f50                ContinueLevelSongAfterDrowning
                0x08029fa8                sub_8029FA4
                0x08029ff4                Player_SetMovestate_IsInScriptedSequence
                0x0802a008                Player_ClearMovestate_IsInScriptedSequence
                0x0802a01c                Player_DisableInputAndBossTimer
                0x0802a054                Player_DisableInputAndBossTimer_FinalBoss
                0x0802a080                TaskDestructor_Player
                0x0802a0cc                Player_TryTaunt
                0x0802a100                Player_TryCrouchOrSpinAttack
                0x0802a188                Player_TryInitSpindash
                0x0802a1cc                Player_ApplyBoostPhysics
                0x0802a22c                Player_InitCrouch
                0x0802a25c                Player_802A258
                0x0802a2ac                Player_TryAttack
                0x0802a304                Player_InitDashRing
                0x0802a364                Player_InitIceSlide
                0x0802a3bc                PlayerFn_Cmd_HandlePhysics
                0x0802a3c8                Player_802A3C4
                0x0802a3f4                Player_CameraShift
                0x0802a410                Player_InitSpecialStageTransition
                0x0802a46c                Player_InitKilledBoss
                0x0802a4bc                Player_InitReachedGoalMultiplayer
                0x0802a500                Player_Nop
                0x0802a504                sub_802A500
                0x0802a530                sub_802A52C
                0x0802a55c                sub_802A558
                0x0802a590                sub_802A58C
                0x0802a5b0                sub_802A5AC
                0x0802a5c8                Player_Skidding
                0x0802a624                Player_InitTaunt
                0x0802a664                sub_802A660
                0x0802a6c4                sub_802A6C0
                0x0802a718                Player_InitAttack
 src/game/stage/item_tasks.o(.text)
 .text          0x0802a7ac      0x6c4 src/game/stage/item_tasks.o
                0x0802a7ac                CreateItemTask_Shield_Normal
                0x0802a858                CreateItemTask_Invincibility
                0x0802a8fc                CreateItemTask_Shield_Magnetic
                0x0802a9a8                CreateItemTask_Confusion
                0x0802aa4c                Task_Item_Shield_Normal
                0x0802ab08                Task_Item_Shield_Magnetic
                0x0802abcc                Task_802ABC8
                0x0802ac64                Task_Item_Invincibility
                0x0802ad64                Task_Item_Confusion
                0x0802ae5c                TaskDestructor_ItemTasks
 src/game/stage/underwater_effects.o(.text)
 .text          0x0802ae70      0x590 src/game/stage/underwater_effects.o
                0x0802af64                SpawnDrowningCountdownNum
                0x0802b01c                SpawnAirBubbles
                0x0802b11c                RandomlySpawnAirBubbles
                0x0802b3c0                SpawnBubblesAfterDrowning
 src/game/stage/screen_shake.o(.text)
 .text          0x0802b400      0x188 src/game/stage/screen_shake.o
                0x0802b400                Task_ScreenShake
                0x0802b4fc                CreateScreenShake
 src/game/stage/player_controls.o(.text)
 .text          0x0802b588       0xa8 src/game/stage/player_controls.o
                0x0802b588                sub_802B584
                0x0802b620                SetPlayerControls
 src/game/stage/player_super_sonic.o(.text)
 .text          0x0802b630     0x13b8 src/game/stage/player_super_sonic.o
                0x0802b70c                SuperSonicInit
                0x0802b820                sub_802B81C
                0x0802ba90                sub_802BA8C
                0x0802bb58                sub_802BB54
                0x0802bcd0                sub_802BCCC
                0x0802c66c                SuperSonicGetPos
                0x0802c6b8                SuperSonicSetPos
                0x0802c6e8                SuperSonicGetFlags
                0x0802c708                sub_802C704
                0x0802c754                SuperSonicGetSprite
                0x0802c774                SuperSonicGetRotation
                0x0802c79c                sub_802C798
                0x0802c9e4                sub_802C9E0
 src/game/stage/ui.o(.text)
 .text          0x0802c9e8      0x8b4 src/game/stage/ui.o
                0x0802c9e8                CreateStageUI
                0x0802cce4                Task_StageUIMain
                0x0802d174                StageUI_PrintIntegerAt
                0x0802d260                TaskDestructor_CreateStageUI
 src/game/stage/debug_text_printer.o(.text)
 .text          0x0802d29c      0x234 src/game/stage/debug_text_printer.o
                0x0802d29c                Debug_CreateAsciiTask
                0x0802d34c                Debug_PrintIntegerAt
                0x0802d438                Debug_PrintTextAt
                0x0802d4b8                Task_802D4B4
                0x0802d4bc                TaskDestructor_802D4B8
 src/game/stage/screen_fade.o(.text)
 .text          0x0802d4d0      0x184 src/game/stage/screen_fade.o
                0x0802d4d0                UpdateScreenFade
 src/game/stage/trapped_animals.o(.text)
 .text          0x0802d654      0x570 src/game/stage/trapped_animals.o
                0x0802db18                CreateTrappedAnimal
 src/game/stage/screen_mask.o(.text)
 .text          0x0802dbc4     0x11d8 src/game/stage/screen_mask.o
                0x0802dbc4                ScreenMask_Lower_OriginLeft
                0x0802dccc                ScreenMask_Upper_OriginLeft
                0x0802ddc8                ScreenMask_Lower_OriginRight
                0x0802df1c                ScreenMask_Upper_OriginRight
                0x0802e048                ScreenMask_Right_OriginBottom
                0x0802e0d8                ScreenMask_Left_OriginBottom
                0x0802e168                ScreenMask_Right_OriginTop
                0x0802e1f0                ScreenMask_Left_OriginTop
                0x0802e788                ScreenMask_CreateShape
 src/game/stage/boss_results_transition.o(.text)
 .text          0x0802ed9c      0x310 src/game/stage/boss_results_transition.o
                0x0802ed9c                Task_802ED98
                0x0802ee7c                Task_802EE78
                0x0802ef6c                sub_802EF68
                0x0802efe0                InitHBlankBgOffsets
                0x0802f03c                SetBgOffsetsInRange
                0x0802f070                Task_802F06C
 src/game/stage/intro.o(.text)
 .text          0x0802f0ac     0x1434 src/game/stage/intro.o
                0x0802f0ac                SetupStageIntro
 src/game/stage/results.o(.text)
 .text          0x080304e0      0xf60 src/game/stage/results.o
                0x080304e0                CreateStageResults
                0x080310f4                StageResults_AnimateSeparator
                0x08031318                StageResults_AnimateTitle
 src/game/character_select.o(.text)
 .text          0x08031440     0x328c src/game/character_select.o
                0x08031440                CreateCharacterSelectionScreen
 src/game/course_select.o(.text)
 .text          0x080346cc     0x198c src/game/course_select.o
                0x080346cc                CreateCourseSelectionScreen
 src/game/countdown.o(.text)
 .text          0x08036058      0x61c src/game/countdown.o
                0x08036058                CreateCourseStartCountdown
                0x0803616c                sub_8036168
                0x0803639c                sub_8036398
                0x08036404                CreateRaceStartMessage
                0x08036528                Task_RaceStartMessageMain
                0x0803663c                TaskDestructor_CourseStartCountdown
                0x08036658                TaskDestructor_RaceStartMessage
 src/game/game_over.o(.text)
 .text          0x08036674      0x5e4 src/game/game_over.o
                0x08036674                CreateGameOverScreen
                0x080366f4                Task_FadeoutToOverScreen
                0x0803691c                Task_GameOverScreenMain
                0x080369dc                sub_80369D8
                0x08036a48                Task_TimeOverScreenMain
                0x08036b34                sub_8036B30
                0x08036b74                sub_8036B70
                0x08036bd8                DisplayOverScreenTextSprites
                0x08036bf0                UpdateTimeOverScreenSprites
                0x08036c3c                TaskDestructor_GameOverTimeOverScreen
 src/game/bosses/final_intro.o(.text)
 .text          0x08036c58     0x2f00 src/game/bosses/final_intro.o
                0x08036c58                CreateTrueArea53Intro
                0x08036e0c                CreateOrbitingEmeraldsSequence
                0x08036efc                Task_OrbitingEmeraldsMoveOutwards
                0x08036fe8                Task_OrbitingEmeraldsRotate
                0x080370c4                Task_OrbitingEmeraldsContractAndFadeScreenWhite
                0x08037258                Task_DisplaySonicSonicArtworkAndDestroyTask
                0x080372cc                CreateSuperSonicSpark
                0x080373d0                Task_SuperSonicSpark
                0x0803743c                CreateActor
                0x080375b8                Task_ActorSonicRunIn
                0x08037678                Task_ActorSonicSlowDownTilStop
                0x08037748                sub_8037744
                0x0803781c                sub_8037818
                0x080378c0                sub_80378BC
                0x08037970                sub_803796C
                0x08037a3c                sub_8037A38
                0x08037b08                sub_8037B04
                0x08037bd4                sub_8037BD0
                0x08037cf0                sub_8037CEC
                0x08037e0c                sub_8037E08
                0x08037f6c                sub_8037F68
                0x080380b4                sub_80380B0
                0x0803816c                sub_8038168
                0x0803823c                sub_8038238
                0x080382f4                sub_80382F0
                0x080383bc                sub_80383B8
                0x08038460                sub_803845C
                0x08038504                sub_8038500
                0x080385a8                sub_80385A4
                0x08038668                sub_8038664
                0x08038730                sub_803872C
                0x080387f8                sub_80387F4
                0x0803889c                sub_8038898
                0x08038940                sub_803893C
                0x080389e4                sub_80389E0
                0x08038aa4                sub_8038AA0
                0x08038b70                sub_8038B6C
                0x08038c38                sub_8038C34
                0x08038cdc                sub_8038CD8
                0x08038d80                sub_8038D7C
                0x08038e24                sub_8038E20
                0x08038ee8                sub_8038EE4
                0x08038fc0                sub_8038FBC
                0x08039088                sub_8039084
                0x08039148                sub_8039144
                0x0803920c                sub_8039208
                0x080392b0                Task_IntroPanIn
                0x080393a8                sub_80393A4
                0x080395a0                IntroRenderSprites
                0x08039870                CreateBackgrounds
                0x08039980                sub_803997C
                0x080399a8                sub_80399A4
                0x080399d0                sub_80399CC
                0x08039a14                sub_8039A10
                0x08039a3c                sub_8039A38
                0x08039a50                CreateSkipHandler
                0x08039a70                Task_SkipHandlerMain
                0x08039ad8                sub_8039AD4
 src/game/bosses/explosion_parts.o(.text)
 .text          0x08039b58      0x350 src/game/bosses/explosion_parts.o
                0x08039b58                CreateBossParticleWithExplosionUpdate
                0x08039c50                Task_BossParticleWithExplosionUpdate
                0x08039d08                CreateBossParticleStatic
                0x08039e00                Task_BossParticleStatic
 src/game/bosses/common.o(.text)
 .text          0x08039ea8      0x100 src/game/bosses/common.o
                0x08039ea8                CreateZoneBoss
                0x08039ed8                sub_8039ED4
                0x08039f18                sub_8039F14
                0x08039f54                sub_8039F50
                0x08039f84                Task_DestroyBossParts
 src/game/bosses/eggmobile_escape_sequence.o(.text)
 .text          0x08039fa8      0x2a8 src/game/bosses/eggmobile_escape_sequence.o
                0x08039fa8                CreateEggmobileEscapeSequence
 src/game/bosses/boss_1.o(.text)
 .text          0x0803a250     0x2a5c src/game/bosses/boss_1.o
                0x0803a250                CreateEggHammerTankII
                0x0803c810                EggHammerTankIIMove
 src/game/bosses/boss_2.o(.text)
 .text          0x0803ccac     0x1ff0 src/game/bosses/boss_2.o
                0x0803ccac                CreateEggBomberTank
                0x0803d890                HandleBossHit
                0x0803e3f0                EggBomberTankMove
 src/game/bosses/boss_3.o(.text)
 .text          0x0803ec9c     0x28d4 src/game/bosses/boss_3.o
                0x0803ec9c                CreateEggTotem
                0x0803fa88                EggTotemMove
                0x0803fc18                sub_803FC14
                0x0803ff48                sub_803FF44
 src/game/bosses/boss_4.o(.text)
 .text          0x08041570     0x189c src/game/bosses/boss_4.o
                0x08041570                CreateAeroEgg
                0x08041d38                sub_8041D34
                0x08042028                AeroEgg_InitPartsDefeated
                0x080425f4                AeroEggMove
                0x08042800                CreateAeroEggBomb
 src/game/bosses/boss_5.o(.text)
 .text          0x08042e0c     0x2be4 src/game/bosses/boss_5.o
                0x08042e0c                CreateEggSaucer
                0x080434b0                Task_EggSaucerIntro
                0x08043530                sub_804352C
                0x080435c0                sub_80435BC
                0x080436e8                sub_80436E4
                0x080438c8                sub_80438C4
                0x08043bf0                sub_8043BEC
                0x08043d98                sub_8043D94
                0x08043e30                sub_8043E2C
                0x08043fd4                EggSaucerMove
                0x0804408c                HandleCollision
                0x08044544                sub_8044540
                0x08044788                sub_8044784
                0x080452fc                sub_80452F8
                0x0804536c                sub_8045368
                0x080454a8                sub_80454A4
                0x08045568                sub_8045564
                0x0804589c                sub_8045898
                0x08045990                sub_804598C
                0x080459a4                sub_80459A0
                0x080459d0                TaskDestructor_EggSaucerMain
 src/game/bosses/boss_6.o(.text)
 .text          0x080459f0     0x207c src/game/bosses/boss_6.o
                0x080459f0                CreateEggGoRound
                0x08047228                EggGoRoundMove
                0x080474c4                HandleHit
 src/game/bosses/boss_7.o(.text)
 .text          0x08047a6c     0x1e64 src/game/bosses/boss_7.o
                0x08047a6c                CreateEggFrog
                0x08048c80                sub_8048C7C
                0x08048eb8                EggFrogMove
 src/game/bosses/boss_8.o(.text)
 .text          0x080498d0     0x3484 src/game/bosses/boss_8.o
                0x080498d0                CreateBossRunManager
                0x0804a6cc                CreateSuperEggRoboZ
                0x0804ab28                Task_804AB24
                0x0804ae44                sub_804AE40
                0x0804b2f0                sub_804B2EC
                0x0804bc48                sub_804BC44
                0x0804c244                sub_804C240
 src/game/bosses/boss_9.o(.text)
 .text          0x0804cd54     0x40b4 src/game/bosses/boss_9.o
                0x0804cd54                SetupEggmanKidnapsVanillaTask
                0x0804cec8                CreateTrueArea53Boss
                0x0804d598                TrueArea53BossMove
                0x0804d6b0                Task_EggmanKidnapsVanilla
                0x0804d7a4                Task_TrueArea53BossMain
                0x0804d8e4                sub_804D8E0
                0x0804d9e0                Task_804D9DC
                0x0804db38                Task_804DB34
                0x0804dc64                Task_804DC60
                0x0804dda0                sub_804DD9C
                0x0804de60                sub_804DE5C
                0x0804def0                sub_804DEEC
                0x0804dfb4                sub_804DFB0
                0x0804e07c                sub_804E078
                0x0804e160                sub_804E15C
                0x0804e4d0                sub_804E4CC
                0x0804e670                sub_804E66C
                0x0804e750                sub_804E74C
                0x0804e8ec                sub_804E8E8
                0x0804e978                sub_804E974
                0x0804eb70                sub_804EB6C
                0x0804ec70                sub_804EC6C
                0x0804ecc8                sub_804ECC4
                0x0804ed9c                sub_804ED98
                0x0804ee88                sub_804EE84
                0x0804ef6c                sub_804EF68
                0x0804f014                sub_804F010
                0x0804f10c                sub_804F108
                0x0804f1f0                sub_804F1EC
                0x0804f480                sub_804F47C
                0x0804f5c0                sub_804F5BC
                0x0804f6b0                sub_804F6AC
                0x0804f76c                sub_804F768
                0x0804f854                sub_804F850
                0x0804f9c0                sub_804F9BC
                0x0804faa8                sub_804FAA4
                0x0804fc14                sub_804FC10
                0x0804fd5c                sub_804FD58
                0x0804fe28                sub_804FE24
                0x0804ff00                sub_804FEFC
                0x0804ffa0                sub_804FF9C
                0x08050034                sub_8050030
                0x08050108                sub_8050104
                0x080501d8                sub_80501D4
                0x080505bc                sub_80505B8
                0x080508c8                sub_80508C4
                0x0805095c                sub_8050958
                0x08050a80                TaskDestructor_TrueArea53BossGfx
                0x08050b30                sub_8050B2C
                0x08050bb4                ExtraBossIsDead
                0x08050bdc                sub_8050BD8
                0x08050be8                sub_8050BE4
                0x08050bf4                sub_8050BF0
                0x08050c00                sub_8050BFC
                0x08050c54                sub_8050C50
                0x08050cc0                sub_8050CBC
                0x08050d28                sub_8050D24
                0x08050da0                sub_8050D9C
                0x08050dc8                sub_8050DC4
                0x08050dcc                sub_8050DC8
                0x08050dfc                sub_8050DF8
 src/game/enemies/projectiles.o(.text)
 .text          0x08050e08      0x410 src/game/enemies/projectiles.o
                0x08050e08                CreateProjectile
                0x08050edc                CreateSeveralProjectiles
                0x08051030                Task_805102C
                0x080510b4                Task_80510B0
                0x080511dc                Task_DestroyProjectileTask
                0x080511f0                TaskDestructor_80511EC
                0x08051204                TaskDestructor_8051200
 src/game/enemies/mon.o(.text)
 .text          0x08051218      0x574 src/game/enemies/mon.o
                0x08051218                CreateEntity_Mon
 src/game/enemies/gohla.o(.text)
 .text          0x0805178c      0x6b4 src/game/enemies/gohla.o
                0x0805178c                CreateEntity_Gohla
 src/game/enemies/kura_kura.o(.text)
 .text          0x08051e40      0x44c src/game/enemies/kura_kura.o
                0x08051e40                CreateEntity_KuraKura
                0x08052028                Task_8052024
                0x08052140                sub_805213C
                0x08052268                TaskDestructor_8052264
 src/game/enemies/kubinaga.o(.text)
 .text          0x0805228c      0xd0c src/game/enemies/kubinaga.o
                0x0805228c                CreateEntity_Kubinaga
 src/game/enemies/buzzer.o(.text)
 .text          0x08052f98      0x7f0 src/game/enemies/buzzer.o
                0x08052f98                CreateEntity_Buzzer
 src/game/enemies/kiki.o(.text)
 .text          0x08053788      0x8e4 src/game/enemies/kiki.o
                0x08053788                CreateEntity_Kiki
 src/game/enemies/koura.o(.text)
 .text          0x0805406c      0xa88 src/game/enemies/koura.o
                0x0805406c                CreateEntity_Koura
 src/game/enemies/bell.o(.text)
 .text          0x08054af4      0x31c src/game/enemies/bell.o
                0x08054af4                CreateEntity_Bell
 src/game/enemies/yado.o(.text)
 .text          0x08054e10      0x6b4 src/game/enemies/yado.o
                0x08054e10                CreateEntity_Yado
                0x08054f04                Task_YadoMain
                0x08055088                Task_8055084
                0x0805537c                Task_8055378
                0x080554b0                TaskDestructor_Yado
 src/game/enemies/piko_piko.o(.text)
 .text          0x080554c4      0x330 src/game/enemies/piko_piko.o
                0x080554c4                CreateEntity_PikoPiko
 src/game/enemies/circus.o(.text)
 .text          0x080557f4      0x6ec src/game/enemies/circus.o
                0x080557f4                CreateEntity_Circus
                0x08055954                Task_CircusMain
                0x08055abc                Task_8055AB8
                0x08055c10                Task_8055C0C
                0x08055d80                Task_8055D7C
                0x08055ec4                TaskDestructor_Circus
 src/game/enemies/madillo.o(.text)
 .text          0x08055ee0      0x7a8 src/game/enemies/madillo.o
                0x08055ee0                CreateEntity_Madillo
 src/game/enemies/straw.o(.text)
 .text          0x08056688      0x574 src/game/enemies/straw.o
                0x08056688                CreateEntity_Straw
                0x080567fc                sub_80567F8
                0x08056968                Task_StrawMain
                0x08056af8                sub_8056AF4
 src/game/enemies/hammerhead.o(.text)
 .text          0x08056bfc      0x330 src/game/enemies/hammerhead.o
                0x08056bfc                CreateEntity_Hammerhead
 src/game/enemies/spinner.o(.text)
 .text          0x08056f2c      0x28c src/game/enemies/spinner.o
                0x08056f2c                CreateEntity_Spinner
                0x08057028                Task_EnemySpinner
 src/game/enemies/mouse.o(.text)
 .text          0x080571b8      0x6a0 src/game/enemies/mouse.o
                0x080571b8                CreateEntity_Mouse
 src/game/enemies/pen.o(.text)
 .text          0x08057858      0x530 src/game/enemies/pen.o
                0x08057858                CreateEntity_Pen
 src/game/enemies/geji_geji.o(.text)
 .text          0x08057d88      0x718 src/game/enemies/geji_geji.o
                0x08057d88                CreateEntity_GejiGeji
 src/game/enemies/balloon.o(.text)
 .text          0x080584a0      0x484 src/game/enemies/balloon.o
                0x080584a0                CreateEntity_Balloon
                0x080585e0                Task_BalloonMain
                0x080587a0                sub_805879C
 src/game/enemies/flickey.o(.text)
 .text          0x08058924      0xa94 src/game/enemies/flickey.o
                0x08058924                CreateEntity_Flickey
 src/game/enemies/kyura.o(.text)
 .text          0x080593b8      0x368 src/game/enemies/kyura.o
                0x080593b8                CreateEntity_Kyura
                0x080594e4                Task_KyuraMain
                0x080596c8                Task_KyuraRecover
 src/game/enemies/bullet_buzzer.o(.text)
 .text          0x08059720      0x580 src/game/enemies/bullet_buzzer.o
                0x08059720                CreateEntity_BulletBuzzer
                0x0805985c                Task_BulletBuzzerMain
                0x08059b08                sub_8059B04
 src/game/enemies/star.o(.text)
 .text          0x08059ca0      0x530 src/game/enemies/star.o
                0x08059ca0                CreateEntity_Star
 src/game/multiplayer/mode_select.o(.text)
 .text          0x0805a1d0      0x90c src/game/multiplayer/mode_select.o
                0x0805a1d0                CreateMultiplayerModeSelectScreen
 src/game/multiplayer/multipak_connection.o(.text)
 .text          0x0805aadc      0xf38 src/game/multiplayer/multipak_connection.o
                0x0805aadc                StartMultiPakConnect
                0x0805b9a8                LinkCommunicationError
 src/game/multiplayer/communication_outcome.o(.text)
 .text          0x0805ba14      0x3dc src/game/multiplayer/communication_outcome.o
                0x0805ba14                CreateMultipackOutcomeScreen
 src/game/multiplayer/results.o(.text)
 .text          0x0805bdf0      0x9a0 src/game/multiplayer/results.o
                0x0805bdf0                CreateMultiplayerResultsScreen
 src/game/multiplayer/team_play.o(.text)
 .text          0x0805c790      0xf04 src/game/multiplayer/team_play.o
                0x0805c790                CreateMultiplayerTeamPlayScreen
 src/game/interactables_1/decoration.o(.text)
 .text          0x0805d694      0x198 src/game/interactables_1/decoration.o
                0x0805d694                CreateEntity_Decoration
                0x0805d798                Task_Decoration
                0x0805d818                TaskDestructor_Decoration
 src/game/interactables_1/booster.o(.text)
 .text          0x0805d82c      0x2ec src/game/interactables_1/booster.o
                0x0805d82c                CreateEntity_Booster
 src/game/interactables_1/incline_ramp.o(.text)
 .text          0x0805db18      0x230 src/game/interactables_1/incline_ramp.o
                0x0805dcf8                CreateEntity_InclineRamp
 src/game/interactables_1/spring_bouncy.o(.text)
 .text          0x0805dd48      0x3dc src/game/interactables_1/spring_bouncy.o
                0x0805dd48                CreateEntity_BouncySpring
 src/game/interactables_1/platform_crumbling.o(.text)
 .text          0x0805e124      0x770 src/game/interactables_1/platform_crumbling.o
                0x0805e124                CreateEntity_PlatformCrumbling
 src/game/interactables_1/toggle_player_layer.o(.text)
 .text          0x0805e894      0x108 src/game/interactables_1/toggle_player_layer.o
                0x0805e950                CreateEntity_Toggle_PlayerLayer
 src/game/interactables_1/rotating_handle.o(.text)
 .text          0x0805e99c      0x700 src/game/interactables_1/rotating_handle.o
                0x0805e99c                CreateEntity_RotatingHandle
                0x0805eca4                Task_Rotating
 src/game/interactables_1/gapped_loop.o(.text)
 .text          0x0805f09c      0x580 src/game/interactables_1/gapped_loop.o
                0x0805f54c                CreateEntity_GappedLoop_Start
                0x0805f5b4                CreateEntity_GappedLoop_End
 src/game/interactables_1/spikes.o(.text)
 .text          0x0805f61c     0x171c src/game/interactables_1/spikes.o
                0x0805f61c                CreateEntity_Spikes_Up
                0x0805f718                CreateEntity_Spikes_Down
                0x0805fa74                CreateEntity_Spikes_LeftRight
                0x0805fe74                CreateEntity_Spikes_HidingUp
                0x08060038                CreateEntity_Spikes_HidingDown
 src/game/interactables_1/corkscrew.o(.text)
 .text          0x08060d38      0x7b8 src/game/interactables_1/corkscrew.o
                0x08060d38                Task_8060D34
                0x08060ed4                sub_8060ED0
                0x0806108c                sub_8061088
                0x0806122c                sub_8061228
                0x080613e8                CreateEntity_Corkscrew_Start
                0x0806143c                CreateEntity_Corkscrew_End
                0x08061490                sub_806148C
 src/game/interactables_1/bouncy_bar.o(.text)
 .text          0x080614f0      0x428 src/game/interactables_1/bouncy_bar.o
                0x080614f0                CreateEntity_BouncyBar
 src/game/interactables_1/corkscrew_3d.o(.text)
 .text          0x08061918      0xdc8 src/game/interactables_1/corkscrew_3d.o
                0x08061918                Task_8061914
                0x08061ab4                sub_8061AB0
                0x08061c74                Task_8061C70
                0x08061da8                Task_8061DA4
                0x08061f64                Task_8061F60
                0x08062104                Task_8062100
                0x080622cc                Task_80622C8
                0x08062418                Task_8062414
                0x080625d8                CreateEntity_Corkscrew3D_Start
                0x0806262c                CreateEntity_Corkscrew3D_End
                0x08062680                sub_806267C
 src/game/interactables_1/stage_goal.o(.text)
 .text          0x080626e0      0x7b4 src/game/interactables_1/stage_goal.o
                0x080626e0                CreateEntity_StageGoal
                0x08062e34                CreateEntity_Toggle_StageGoal
 src/game/interactables_1/checkpoint.o(.text)
 .text          0x08062e94      0x568 src/game/interactables_1/checkpoint.o
                0x08062e94                CreateEntity_Checkpoint
                0x080633a4                CreateEntity_Toggle_Checkpoint
 src/game/interactables_1/windmill.o(.text)
 .text          0x080633fc      0x338 src/game/interactables_1/windmill.o
                0x080633fc                CreateEntity_Windmill
 src/game/options_screen.o(.text)
 .text          0x08063734     0x8354 src/game/options_screen.o
                0x08063734                CreateOptionsScreen
                0x080637f0                CreateTimeAttackLevelSelectScreen
                0x08063944                CreateNewProfileScreen
                0x08063a04                CreateNewProfileNameScreen
                0x0806a56c                sub_806A568
                0x0806b858                OptionsInitBackground
 src/game/special_stage/main.o(.text)
 .text          0x0806ba88     0x1004 src/game/special_stage/main.o