
Discarded input sections

 .data          0x00000000        0x0 build/mb_signed_collect_rings/asm/rom_header.o
 .bss           0x00000000        0x0 build/mb_signed_collect_rings/asm/rom_header.o
 .ARM.attributes
                0x00000000       0x20 build/mb_signed_collect_rings/asm/rom_header.o
 .text          0x00000000        0x0 build/mb_signed_collect_rings/data/data.o
 .data          0x00000000        0x0 build/mb_signed_collect_rings/data/data.o
 .bss           0x00000000        0x0 build/mb_signed_collect_rings/data/data.o
 .ARM.attributes
                0x00000000       0x20 build/mb_signed_collect_rings/data/data.o

Memory Configuration

Name             Origin             Length             Attributes
*default*        0x00000000         0xffffffff

Linker script and memory map

                0x02000000                        . = 0x2000000

.text           0x02000000       0xc0
 build/mb_signed_collect_rings/asm/rom_header.o(.text)
 .text          0x02000000       0xc0 build/mb_signed_collect_rings/asm/rom_header.o
                0x02000004                RomHeaderNintendoLogo
                0x020000ac                RomHeaderGameCode
                0x020000b2                RomHeaderMagic
                0x020000bc                RomHeaderSoftwareVersion

.rodata         0x020000c0    0x1cb6c
 build/mb_signed_collect_rings/data/data.o(.rodata)
 .rodata        0x020000c0    0x1cb6c build/mb_signed_collect_rings/data/data.o
                0x020000c0                gCollectRingsRom

.debug
 *(.debug)

.line
 *(.line)

.debug_srcinfo
 *(.debug_srcinfo)

.debug_sfnames
 *(.debug_sfnames)

.debug_aranges
 *(.debug_aranges)

.debug_pubnames
 *(.debug_pubnames)

.debug_info
 *(.debug_info .gnu.linkonce.wi.*)

.debug_abbrev
 *(.debug_abbrev)

.debug_line
 *(.debug_line)

.debug_frame
 *(.debug_frame)

.debug_str
 *(.debug_str)

.debug_loc
 *(.debug_loc)

.debug_macinfo
 *(.debug_macinfo)

/DISCARD/
 *(*)
LOAD build/mb_signed_collect_rings/asm/rom_header.o
LOAD build/mb_signed_collect_rings/data/data.o
LOAD ../../tools/agbcc/lib/libgcc.a
LOAD ../../tools/agbcc/lib/libc.a
OUTPUT(mb_signed_collect_rings.elf elf32-littlearm)
LOAD linker stubs
